// Jest Snapshot v1, https://goo.gl/fbAQLP

exports[`should take a snapshot 1`] = `
<DocumentFragment>
  <header>
    <div
      class="container"
    >
      <div
        class="inner-content"
      >
        <div
          class="brand"
        >
          <a
            href="/welcome"
          >
            ITHÃ¶gskolan Lab-2
          </a>
        </div>
        <ul
          class="nav-links"
        >
          <li>
            <a
              href="/posts"
            >
              Posts
            </a>
          </li>
          <li>
            <a
              href="/usememo"
            >
              useMemo
            </a>
          </li>
          <li>
            <a
              href="/media"
            >
              Media
            </a>
          </li>
        </ul>
      </div>
    </div>
  </header>
</DocumentFragment>
`;
